// Jest Snapshot v1, https://goo.gl/fbAQLP

exports[`PopularGames should match the snapshot 1`] = `
<ul
  className="sc-bwzfXH ksqnaS"
/>
`;
