// Jest Snapshot v1, https://goo.gl/fbAQLP

exports[`NotFound NotFound should match the snapshot 1`] = `
<div>
  <h2>
    La page n'existe pas ! :(
  </h2>
</div>
`;
